=== 15:24:54 ===
almachess-api	1.12%	195.2MiB / 7.641GiB
almachess-mongo	102.93%	493.2MiB / 7.641GiB
=== 15:25:01 ===
almachess-api	1.26%	195.3MiB / 7.641GiB
almachess-mongo	0.83%	312.7MiB / 7.641GiB
=== 15:25:09 ===
almachess-api	0.76%	195.2MiB / 7.641GiB
almachess-mongo	1.92%	312.8MiB / 7.641GiB
=== 15:25:17 ===
almachess-api	1.55%	195.3MiB / 7.641GiB
almachess-mongo	1.28%	312.8MiB / 7.641GiB
=== 15:25:25 ===
almachess-api	8.00%	195.4MiB / 7.641GiB
almachess-mongo	49.50%	471.9MiB / 7.641GiB
=== 15:25:33 ===
almachess-api	5.37%	195.5MiB / 7.641GiB
almachess-mongo	19.14%	312.9MiB / 7.641GiB
=== 15:25:41 ===
almachess-api	0.93%	195.6MiB / 7.641GiB
almachess-mongo	0.69%	312.8MiB / 7.641GiB
=== 15:25:49 ===
almachess-api	1.21%	195.6MiB / 7.641GiB
almachess-mongo	56.71%	473.5MiB / 7.641GiB
=== 15:25:58 ===
almachess-api	0.77%	195.7MiB / 7.641GiB
almachess-mongo	21.48%	312.8MiB / 7.641GiB
=== 15:26:06 ===
almachess-api	12.21%	195.9MiB / 7.641GiB
almachess-mongo	0.79%	312.8MiB / 7.641GiB
=== 15:26:14 ===
almachess-api	2.13%	196MiB / 7.641GiB
almachess-mongo	0.67%	312.9MiB / 7.641GiB
=== 15:26:23 ===
almachess-api	0.86%	195.9MiB / 7.641GiB
almachess-mongo	64.95%	471.4MiB / 7.641GiB
=== 15:26:31 ===
almachess-api	1.52%	195.9MiB / 7.641GiB
almachess-mongo	0.91%	312.9MiB / 7.641GiB
=== 15:26:39 ===
almachess-api	0.71%	196MiB / 7.641GiB
almachess-mongo	1.70%	313MiB / 7.641GiB
=== 15:26:47 ===
almachess-api	11.89%	196.1MiB / 7.641GiB
almachess-mongo	2.08%	312.9MiB / 7.641GiB
=== 15:26:55 ===
almachess-api	0.70%	196.1MiB / 7.641GiB
almachess-mongo	5.58%	312.9MiB / 7.641GiB
=== 15:27:04 ===
almachess-api	1.66%	196.1MiB / 7.641GiB
almachess-mongo	1.67%	313MiB / 7.641GiB
=== 15:27:13 ===
almachess-api	0.85%	196.2MiB / 7.641GiB
almachess-mongo	0.68%	312.9MiB / 7.641GiB
=== 15:27:20 ===
almachess-api	0.90%	196.3MiB / 7.641GiB
almachess-mongo	0.71%	312.9MiB / 7.641GiB
=== 15:27:28 ===
almachess-api	0.85%	196.3MiB / 7.641GiB
almachess-mongo	95.46%	476MiB / 7.641GiB
=== 15:27:36 ===
almachess-api	0.81%	196.4MiB / 7.641GiB
almachess-mongo	0.65%	312.9MiB / 7.641GiB
=== 15:27:43 ===
almachess-api	4.08%	196.5MiB / 7.641GiB
almachess-mongo	1.01%	313MiB / 7.641GiB
=== 15:27:51 ===
almachess-api	1.65%	196.5MiB / 7.641GiB
almachess-mongo	1.16%	314.9MiB / 7.641GiB
=== 15:27:59 ===
almachess-api	0.87%	196.7MiB / 7.641GiB
almachess-mongo	10.67%	385.9MiB / 7.641GiB
=== 15:28:06 ===
almachess-api	0.78%	196.8MiB / 7.641GiB
almachess-mongo	106.33%	486.7MiB / 7.641GiB
=== 15:28:14 ===
almachess-api	12.67%	197MiB / 7.641GiB
almachess-mongo	65.63%	314.9MiB / 7.641GiB
=== 15:28:22 ===
almachess-api	0.58%	197MiB / 7.641GiB
almachess-mongo	0.65%	315MiB / 7.641GiB
=== 15:28:30 ===
almachess-api	0.94%	197MiB / 7.641GiB
almachess-mongo	0.70%	314.9MiB / 7.641GiB
=== 15:28:38 ===
almachess-api	392.65%	450.9MiB / 7.641GiB
almachess-mongo	75.94%	472.6MiB / 7.641GiB
=== 15:28:46 ===
almachess-api	231.67%	511.1MiB / 7.641GiB
almachess-mongo	107.27%	329.6MiB / 7.641GiB
=== 15:28:54 ===
almachess-api	216.75%	527.9MiB / 7.641GiB
almachess-mongo	73.04%	339.5MiB / 7.641GiB
=== 15:29:02 ===
almachess-api	199.71%	547.6MiB / 7.641GiB
almachess-mongo	15.17%	339.5MiB / 7.641GiB
=== 15:29:11 ===
almachess-api	145.88%	630.4MiB / 7.641GiB
almachess-mongo	10.82%	339.6MiB / 7.641GiB
=== 15:29:19 ===
almachess-api	184.96%	619.4MiB / 7.641GiB
almachess-mongo	37.10%	418.2MiB / 7.641GiB
=== 15:29:27 ===
almachess-api	165.99%	637MiB / 7.641GiB
almachess-mongo	67.72%	339.7MiB / 7.641GiB
=== 15:29:35 ===
almachess-api	211.07%	641.9MiB / 7.641GiB
almachess-mongo	11.99%	339.7MiB / 7.641GiB
=== 15:29:43 ===
almachess-api	149.19%	656.8MiB / 7.641GiB
almachess-mongo	16.05%	328.5MiB / 7.641GiB
=== 15:29:51 ===
almachess-api	140.11%	661.5MiB / 7.641GiB
almachess-mongo	25.25%	375.7MiB / 7.641GiB
=== 15:29:59 ===
almachess-api	365.91%	677.6MiB / 7.641GiB
almachess-mongo	82.25%	330MiB / 7.641GiB
=== 15:30:07 ===
almachess-api	141.66%	680.8MiB / 7.641GiB
almachess-mongo	11.77%	330MiB / 7.641GiB
=== 15:30:15 ===
almachess-api	149.64%	695.8MiB / 7.641GiB
almachess-mongo	9.34%	330.3MiB / 7.641GiB
=== 15:30:23 ===
almachess-api	177.14%	695.9MiB / 7.641GiB
almachess-mongo	16.49%	330.3MiB / 7.641GiB
=== 15:30:31 ===
almachess-api	146.24%	696.2MiB / 7.641GiB
almachess-mongo	112.07%	499.1MiB / 7.641GiB
=== 15:30:39 ===
almachess-api	143.75%	705.1MiB / 7.641GiB
almachess-mongo	126.80%	332.2MiB / 7.641GiB
=== 15:30:46 ===
almachess-api	145.37%	698.5MiB / 7.641GiB
almachess-mongo	47.35%	335.8MiB / 7.641GiB
=== 15:30:54 ===
almachess-api	151.07%	698.8MiB / 7.641GiB
almachess-mongo	12.58%	336.2MiB / 7.641GiB
=== 15:31:02 ===
almachess-api	129.29%	698.9MiB / 7.641GiB
almachess-mongo	7.65%	336.3MiB / 7.641GiB
=== 15:31:10 ===
almachess-api	136.44%	699MiB / 7.641GiB
almachess-mongo	67.86%	499.5MiB / 7.641GiB
=== 15:31:18 ===
almachess-api	107.45%	699.2MiB / 7.641GiB
almachess-mongo	126.79%	516.8MiB / 7.641GiB
=== 15:31:26 ===
almachess-api	139.06%	699.2MiB / 7.641GiB
almachess-mongo	21.39%	339.1MiB / 7.641GiB
=== 15:31:35 ===
almachess-api	247.47%	698.7MiB / 7.641GiB
almachess-mongo	18.54%	339.1MiB / 7.641GiB
=== 15:31:43 ===
almachess-api	0.97%	699.2MiB / 7.641GiB
almachess-mongo	52.90%	502.1MiB / 7.641GiB
=== 15:31:51 ===
almachess-api	0.90%	699.3MiB / 7.641GiB
almachess-mongo	58.95%	339.1MiB / 7.641GiB
=== 15:31:59 ===
almachess-api	28.93%	699.1MiB / 7.641GiB
almachess-mongo	14.13%	339.2MiB / 7.641GiB
=== 15:32:07 ===
almachess-api	0.84%	699.1MiB / 7.641GiB
almachess-mongo	9.21%	339.1MiB / 7.641GiB
=== 15:32:15 ===
almachess-api	1.36%	699.2MiB / 7.641GiB
almachess-mongo	1.04%	339.1MiB / 7.641GiB
=== 15:32:24 ===
almachess-api	1.62%	699.3MiB / 7.641GiB
almachess-mongo	106.33%	505.3MiB / 7.641GiB
=== 15:32:32 ===
almachess-api	0.75%	699MiB / 7.641GiB
almachess-mongo	0.84%	339.2MiB / 7.641GiB
=== 15:32:40 ===
almachess-api	1.24%	698.8MiB / 7.641GiB
almachess-mongo	0.94%	339.2MiB / 7.641GiB
=== 15:32:48 ===
almachess-api	0.94%	698.8MiB / 7.641GiB
almachess-mongo	18.72%	339.3MiB / 7.641GiB
=== 15:32:57 ===
almachess-api	5.72%	698.8MiB / 7.641GiB
almachess-mongo	36.44%	339.3MiB / 7.641GiB
=== 15:33:05 ===
almachess-api	0.87%	698.8MiB / 7.641GiB
almachess-mongo	1.27%	339.2MiB / 7.641GiB
=== 15:33:13 ===
almachess-api	1.55%	698.7MiB / 7.641GiB
almachess-mongo	0.91%	339.3MiB / 7.641GiB
=== 15:33:22 ===
almachess-api	9.66%	698.7MiB / 7.641GiB
almachess-mongo	1.26%	339.2MiB / 7.641GiB
=== 15:33:30 ===
almachess-api	0.87%	698.7MiB / 7.641GiB
almachess-mongo	0.74%	339.2MiB / 7.641GiB
=== 15:33:38 ===
almachess-api	9.86%	698.7MiB / 7.641GiB
almachess-mongo	27.37%	419.5MiB / 7.641GiB
=== 15:33:45 ===
almachess-api	1.91%	698.7MiB / 7.641GiB
almachess-mongo	106.26%	504.8MiB / 7.641GiB
=== 15:33:52 ===
almachess-api	0.97%	698.7MiB / 7.641GiB
almachess-mongo	55.57%	339.2MiB / 7.641GiB
=== 15:34:00 ===
almachess-api	0.64%	698.7MiB / 7.641GiB
almachess-mongo	0.78%	339.2MiB / 7.641GiB
=== 15:34:08 ===
almachess-api	1.22%	698.7MiB / 7.641GiB
almachess-mongo	0.94%	339.2MiB / 7.641GiB
=== 15:34:16 ===
almachess-api	0.67%	698.6MiB / 7.641GiB
almachess-mongo	0.72%	339.2MiB / 7.641GiB
=== 15:34:24 ===
almachess-api	1.21%	698.5MiB / 7.641GiB
almachess-mongo	64.26%	339.2MiB / 7.641GiB
=== 15:34:33 ===
almachess-api	5.63%	698.5MiB / 7.641GiB
almachess-mongo	0.70%	339.2MiB / 7.641GiB
=== 15:34:41 ===
almachess-api	0.67%	698.5MiB / 7.641GiB
almachess-mongo	0.78%	339.4MiB / 7.641GiB
=== 15:34:49 ===
almachess-api	6.72%	698.6MiB / 7.641GiB
almachess-mongo	0.92%	339.2MiB / 7.641GiB
=== 15:34:56 ===
almachess-api	0.76%	698.5MiB / 7.641GiB
almachess-mongo	5.62%	351.2MiB / 7.641GiB
=== 15:35:03 ===
almachess-api	7.29%	698.5MiB / 7.641GiB
almachess-mongo	87.77%	500.1MiB / 7.641GiB
=== 15:35:11 ===
almachess-api	1.21%	698.5MiB / 7.641GiB
almachess-mongo	26.43%	339.2MiB / 7.641GiB
=== 15:35:19 ===
almachess-api	1.17%	698.4MiB / 7.641GiB
almachess-mongo	3.23%	339.2MiB / 7.641GiB
=== 15:35:26 ===
almachess-api	0.79%	698.4MiB / 7.641GiB
almachess-mongo	0.85%	339.2MiB / 7.641GiB
=== 15:35:34 ===
almachess-api	1.25%	698.4MiB / 7.641GiB
almachess-mongo	1.24%	339.2MiB / 7.641GiB
=== 15:35:41 ===
almachess-api	0.60%	698.4MiB / 7.641GiB
almachess-mongo	0.56%	339.4MiB / 7.641GiB
=== 15:35:49 ===
almachess-api	0.73%	698.4MiB / 7.641GiB
almachess-mongo	2.64%	339.2MiB / 7.641GiB
=== 15:35:56 ===
almachess-api	2.88%	698.5MiB / 7.641GiB
almachess-mongo	18.93%	434.8MiB / 7.641GiB
=== 15:36:04 ===
almachess-api	1.01%	698.5MiB / 7.641GiB
almachess-mongo	73.13%	339.3MiB / 7.641GiB
=== 15:36:12 ===
almachess-api	1.10%	698.5MiB / 7.641GiB
almachess-mongo	1.32%	339.2MiB / 7.641GiB
=== 15:36:19 ===
almachess-api	1.05%	698.4MiB / 7.641GiB
almachess-mongo	2.60%	339.2MiB / 7.641GiB
=== 15:36:27 ===
almachess-api	0.53%	698.4MiB / 7.641GiB
almachess-mongo	0.77%	339.4MiB / 7.641GiB
=== 15:36:36 ===
almachess-api	6.20%	698.4MiB / 7.641GiB
almachess-mongo	28.03%	473.8MiB / 7.641GiB
=== 15:36:44 ===
almachess-api	1.49%	698.4MiB / 7.641GiB
almachess-mongo	38.74%	339.2MiB / 7.641GiB
=== 15:36:52 ===
almachess-api	0.76%	698.4MiB / 7.641GiB
almachess-mongo	0.85%	339.2MiB / 7.641GiB
=== 15:37:00 ===
almachess-api	0.58%	698.4MiB / 7.641GiB
almachess-mongo	0.76%	339.2MiB / 7.641GiB
=== 15:37:08 ===
almachess-api	0.97%	698.4MiB / 7.641GiB
almachess-mongo	61.05%	503.4MiB / 7.641GiB
=== 15:37:15 ===
almachess-api	0.64%	698.4MiB / 7.641GiB
almachess-mongo	114.85%	507.2MiB / 7.641GiB
=== 15:37:23 ===
almachess-api	0.71%	698.3MiB / 7.641GiB
almachess-mongo	1.13%	339.4MiB / 7.641GiB
=== 15:37:32 ===
almachess-api	1.59%	698.3MiB / 7.641GiB
almachess-mongo	1.61%	339.2MiB / 7.641GiB
=== 15:37:39 ===
almachess-api	0.70%	698.3MiB / 7.641GiB
almachess-mongo	2.47%	339.2MiB / 7.641GiB
=== 15:37:46 ===
almachess-api	0.61%	698.3MiB / 7.641GiB
almachess-mongo	0.76%	339.2MiB / 7.641GiB
=== 15:37:53 ===
almachess-api	0.77%	698.3MiB / 7.641GiB
almachess-mongo	106.59%	512.3MiB / 7.641GiB
=== 15:38:02 ===
almachess-api	4.39%	698.3MiB / 7.641GiB
almachess-mongo	0.92%	339.2MiB / 7.641GiB
=== 15:38:10 ===
almachess-api	330.16%	99.23MiB / 7.641GiB
almachess-mongo	0.67%	338.7MiB / 7.641GiB
=== 15:38:18 ===
almachess-api	66.69%	189.8MiB / 7.641GiB
almachess-mongo	5.35%	341.3MiB / 7.641GiB
=== 15:38:27 ===
almachess-api	0.82%	191MiB / 7.641GiB
almachess-mongo	102.26%	508.2MiB / 7.641GiB
=== 15:38:34 ===
almachess-api	2.98%	191.7MiB / 7.641GiB
almachess-mongo	70.26%	338.7MiB / 7.641GiB
=== 15:38:42 ===
almachess-api	0.95%	191.7MiB / 7.641GiB
almachess-mongo	0.74%	338.7MiB / 7.641GiB
=== 15:38:50 ===
almachess-api	1.55%	191.9MiB / 7.641GiB
almachess-mongo	1.91%	338.7MiB / 7.641GiB
=== 15:38:58 ===
almachess-api	1.13%	192MiB / 7.641GiB
almachess-mongo	113.05%	505.7MiB / 7.641GiB
=== 15:39:07 ===
almachess-api	1.04%	192.2MiB / 7.641GiB
almachess-mongo	7.76%	338.7MiB / 7.641GiB
=== 15:39:15 ===
almachess-api	10.33%	192.4MiB / 7.641GiB
almachess-mongo	0.80%	338.7MiB / 7.641GiB
=== 15:39:23 ===
almachess-api	1.27%	192.4MiB / 7.641GiB
almachess-mongo	0.91%	338.7MiB / 7.641GiB
=== 15:39:32 ===
almachess-api	1.05%	192.6MiB / 7.641GiB
almachess-mongo	6.76%	368.7MiB / 7.641GiB
=== 15:39:39 ===
almachess-api	1.24%	192.7MiB / 7.641GiB
almachess-mongo	64.88%	338.7MiB / 7.641GiB
=== 15:39:48 ===
almachess-api	0.92%	192.8MiB / 7.641GiB
almachess-mongo	1.29%	338.7MiB / 7.641GiB
=== 15:39:56 ===
almachess-api	0.84%	192.9MiB / 7.641GiB
almachess-mongo	0.77%	338.7MiB / 7.641GiB
=== 15:40:03 ===
almachess-api	0.90%	193MiB / 7.641GiB
almachess-mongo	0.89%	338.8MiB / 7.641GiB
=== 15:40:10 ===
almachess-api	1.17%	193MiB / 7.641GiB
almachess-mongo	2.04%	338.9MiB / 7.641GiB
=== 15:40:18 ===
almachess-api	1.24%	193MiB / 7.641GiB
almachess-mongo	99.26%	504.9MiB / 7.641GiB
=== 15:40:26 ===
almachess-api	0.86%	193.1MiB / 7.641GiB
almachess-mongo	112.82%	521.4MiB / 7.641GiB
=== 15:40:33 ===
almachess-api	0.99%	193.1MiB / 7.641GiB
almachess-mongo	18.38%	338.7MiB / 7.641GiB
=== 15:40:40 ===
almachess-api	1.00%	193.2MiB / 7.641GiB
almachess-mongo	0.75%	338.7MiB / 7.641GiB
=== 15:40:48 ===
almachess-api	1.33%	193.3MiB / 7.641GiB
almachess-mongo	0.96%	338.7MiB / 7.641GiB
=== 15:40:55 ===
almachess-api	3.34%	193.4MiB / 7.641GiB
almachess-mongo	0.80%	338.7MiB / 7.641GiB
=== 15:41:04 ===
almachess-api	1.47%	193.5MiB / 7.641GiB
almachess-mongo	1.35%	338.7MiB / 7.641GiB
=== 15:41:12 ===
almachess-api	7.75%	193.6MiB / 7.641GiB
almachess-mongo	79.10%	338.7MiB / 7.641GiB
=== 15:41:20 ===
almachess-api	0.91%	193.7MiB / 7.641GiB
almachess-mongo	0.94%	338.9MiB / 7.641GiB
=== 15:41:28 ===
almachess-api	8.41%	193.8MiB / 7.641GiB
almachess-mongo	3.10%	338.7MiB / 7.641GiB
=== 15:41:36 ===
almachess-api	1.60%	193.8MiB / 7.641GiB
almachess-mongo	1.14%	338.7MiB / 7.641GiB
=== 15:41:45 ===
almachess-api	0.99%	193.9MiB / 7.641GiB
almachess-mongo	41.71%	498.7MiB / 7.641GiB
=== 15:41:52 ===
almachess-api	0.97%	193.9MiB / 7.641GiB
almachess-mongo	115.69%	509.9MiB / 7.641GiB
=== 15:41:59 ===
almachess-api	15.81%	194MiB / 7.641GiB
almachess-mongo	55.24%	338.7MiB / 7.641GiB
=== 15:42:06 ===
almachess-api	0.86%	194MiB / 7.641GiB
almachess-mongo	1.29%	338.7MiB / 7.641GiB
=== 15:42:15 ===
almachess-api	9.71%	194.1MiB / 7.641GiB
almachess-mongo	0.77%	338.7MiB / 7.641GiB
=== 15:42:23 ===
almachess-api	0.70%	194.1MiB / 7.641GiB
almachess-mongo	15.67%	444.8MiB / 7.641GiB
=== 15:42:30 ===
almachess-api	1.15%	194.2MiB / 7.641GiB
almachess-mongo	92.48%	338.8MiB / 7.641GiB
=== 15:42:38 ===
almachess-api	1.10%	194.2MiB / 7.641GiB
almachess-mongo	2.80%	338.7MiB / 7.641GiB
=== 15:42:47 ===
almachess-api	0.85%	194.3MiB / 7.641GiB
almachess-mongo	3.37%	338.7MiB / 7.641GiB
=== 15:42:55 ===
almachess-api	14.54%	194.4MiB / 7.641GiB
almachess-mongo	1.80%	338.9MiB / 7.641GiB
=== 15:43:03 ===
almachess-api	0.92%	194.6MiB / 7.641GiB
almachess-mongo	94.65%	500.9MiB / 7.641GiB
=== 15:43:11 ===
almachess-api	0.95%	194.7MiB / 7.641GiB
almachess-mongo	1.01%	338.7MiB / 7.641GiB
=== 15:43:19 ===
almachess-api	2.59%	194.8MiB / 7.641GiB
almachess-mongo	1.86%	338.7MiB / 7.641GiB
=== 15:43:27 ===
almachess-api	0.74%	194.9MiB / 7.641GiB
almachess-mongo	0.75%	338.7MiB / 7.641GiB
=== 15:43:35 ===
almachess-api	1.35%	196.3MiB / 7.641GiB
almachess-mongo	97.14%	501.4MiB / 7.641GiB
=== 15:43:44 ===
almachess-api	0.71%	197.3MiB / 7.641GiB
almachess-mongo	1.27%	338.9MiB / 7.641GiB
=== 15:43:52 ===
almachess-api	27.64%	197.3MiB / 7.641GiB
almachess-mongo	0.88%	338.9MiB / 7.641GiB
=== 15:43:59 ===
almachess-api	3.74%	197.3MiB / 7.641GiB
almachess-mongo	1.54%	338.7MiB / 7.641GiB
=== 15:44:08 ===
almachess-api	0.80%	197.4MiB / 7.641GiB
almachess-mongo	0.70%	338.9MiB / 7.641GiB
=== 15:44:16 ===
almachess-api	0.70%	197.4MiB / 7.641GiB
almachess-mongo	65.75%	338.7MiB / 7.641GiB
=== 15:44:24 ===
almachess-api	0.96%	197.4MiB / 7.641GiB
almachess-mongo	1.18%	338.7MiB / 7.641GiB
=== 15:44:33 ===
almachess-api	9.85%	198.3MiB / 7.641GiB
almachess-mongo	0.80%	338.7MiB / 7.641GiB
=== 15:44:40 ===
almachess-api	0.71%	205.6MiB / 7.641GiB
almachess-mongo	94.35%	501.9MiB / 7.641GiB
=== 15:44:48 ===
almachess-api	14.16%	205.7MiB / 7.641GiB
almachess-mongo	15.91%	338.7MiB / 7.641GiB
=== 15:44:57 ===
almachess-api	0.59%	211.5MiB / 7.641GiB
almachess-mongo	0.77%	338.7MiB / 7.641GiB
=== 15:45:04 ===
almachess-api	15.51%	211.6MiB / 7.641GiB
almachess-mongo	0.84%	338.7MiB / 7.641GiB
=== 15:45:12 ===
almachess-api	0.74%	211.7MiB / 7.641GiB
almachess-mongo	2.09%	339.1MiB / 7.641GiB
=== 15:45:20 ===
almachess-api	0.65%	211.7MiB / 7.641GiB
almachess-mongo	105.57%	512.2MiB / 7.641GiB
=== 15:45:28 ===
almachess-api	0.57%	211.8MiB / 7.641GiB
almachess-mongo	18.65%	338.8MiB / 7.641GiB
=== 15:45:35 ===
almachess-api	0.76%	212MiB / 7.641GiB
almachess-mongo	0.79%	338.7MiB / 7.641GiB
=== 15:45:43 ===
almachess-api	0.65%	212MiB / 7.641GiB
almachess-mongo	0.70%	338.7MiB / 7.641GiB
=== 15:45:50 ===
almachess-api	0.67%	212.1MiB / 7.641GiB
almachess-mongo	0.74%	338.7MiB / 7.641GiB
=== 15:45:58 ===
almachess-api	0.56%	212.1MiB / 7.641GiB
almachess-mongo	67.84%	501.1MiB / 7.641GiB
=== 15:46:05 ===
almachess-api	7.97%	212.1MiB / 7.641GiB
almachess-mongo	38.46%	338.7MiB / 7.641GiB
=== 15:46:14 ===
almachess-api	0.56%	212.2MiB / 7.641GiB
almachess-mongo	1.20%	338.7MiB / 7.641GiB
=== 15:46:22 ===
almachess-api	1.03%	212.2MiB / 7.641GiB
almachess-mongo	1.22%	338.7MiB / 7.641GiB
=== 15:46:30 ===
almachess-api	0.93%	212.3MiB / 7.641GiB
almachess-mongo	29.94%	465.2MiB / 7.641GiB
=== 15:46:38 ===
almachess-api	6.26%	212.4MiB / 7.641GiB
almachess-mongo	114.00%	508.7MiB / 7.641GiB
=== 15:46:46 ===
almachess-api	9.95%	212.5MiB / 7.641GiB
almachess-mongo	1.20%	338.8MiB / 7.641GiB
=== 15:46:53 ===
almachess-api	1.48%	212.5MiB / 7.641GiB
almachess-mongo	0.94%	338.7MiB / 7.641GiB
=== 15:47:01 ===
almachess-api	9.85%	212.6MiB / 7.641GiB
almachess-mongo	0.84%	338.7MiB / 7.641GiB
=== 15:47:08 ===
almachess-api	1.81%	212.6MiB / 7.641GiB
almachess-mongo	0.59%	338.8MiB / 7.641GiB
=== 15:47:16 ===
almachess-api	5.52%	212.6MiB / 7.641GiB
almachess-mongo	1.29%	338.7MiB / 7.641GiB
=== 15:47:24 ===
almachess-api	1.10%	212.6MiB / 7.641GiB
almachess-mongo	63.28%	498.4MiB / 7.641GiB
=== 15:47:31 ===
almachess-api	7.76%	212.6MiB / 7.641GiB
almachess-mongo	70.16%	338.8MiB / 7.641GiB
=== 15:47:39 ===
almachess-api	0.81%	212.7MiB / 7.641GiB
almachess-mongo	2.34%	338.7MiB / 7.641GiB
=== 15:47:47 ===
almachess-api	5.35%	212.7MiB / 7.641GiB
almachess-mongo	1.04%	338.8MiB / 7.641GiB
=== 15:47:55 ===
almachess-api	1.05%	212.7MiB / 7.641GiB
almachess-mongo	0.81%	338.9MiB / 7.641GiB
=== 15:48:04 ===
almachess-api	0.64%	212.7MiB / 7.641GiB
almachess-mongo	75.08%	495.8MiB / 7.641GiB
=== 15:48:12 ===
almachess-api	0.77%	212.8MiB / 7.641GiB
almachess-mongo	0.72%	338.8MiB / 7.641GiB
=== 15:48:20 ===
almachess-api	0.84%	212.9MiB / 7.641GiB
almachess-mongo	1.97%	338.8MiB / 7.641GiB
=== 15:48:27 ===
almachess-api	1.35%	212.9MiB / 7.641GiB
almachess-mongo	1.19%	338.8MiB / 7.641GiB
=== 15:48:36 ===
almachess-api	0.69%	213MiB / 7.641GiB
almachess-mongo	0.65%	338.8MiB / 7.641GiB
=== 15:48:43 ===
almachess-api	8.98%	213.2MiB / 7.641GiB
almachess-mongo	110.00%	502.2MiB / 7.641GiB
=== 15:48:51 ===
almachess-api	0.62%	213.3MiB / 7.641GiB
almachess-mongo	43.28%	338.8MiB / 7.641GiB
=== 15:48:59 ===
almachess-api	6.04%	213.6MiB / 7.641GiB
almachess-mongo	0.71%	338.8MiB / 7.641GiB
=== 15:49:06 ===
almachess-api	0.98%	213.4MiB / 7.641GiB
almachess-mongo	0.88%	338.8MiB / 7.641GiB
=== 15:49:13 ===
almachess-api	0.64%	213.7MiB / 7.641GiB
almachess-mongo	0.78%	338.8MiB / 7.641GiB
=== 15:49:21 ===
almachess-api	0.64%	213.7MiB / 7.641GiB
almachess-mongo	6.43%	368.7MiB / 7.641GiB
=== 15:49:29 ===
almachess-api	0.64%	213.7MiB / 7.641GiB
almachess-mongo	43.90%	338.8MiB / 7.641GiB
=== 15:49:37 ===
almachess-api	1.26%	213.8MiB / 7.641GiB
almachess-mongo	1.46%	338.8MiB / 7.641GiB
=== 15:49:45 ===
almachess-api	6.57%	213.8MiB / 7.641GiB
almachess-mongo	0.72%	338.8MiB / 7.641GiB
=== 15:49:53 ===
almachess-api	0.63%	213.8MiB / 7.641GiB
almachess-mongo	0.70%	338.9MiB / 7.641GiB
=== 15:50:01 ===
almachess-api	0.86%	213.8MiB / 7.641GiB
almachess-mongo	120.62%	510.2MiB / 7.641GiB
=== 15:50:09 ===
almachess-api	0.77%	213.8MiB / 7.641GiB
almachess-mongo	63.50%	338.8MiB / 7.641GiB
=== 15:50:16 ===
almachess-api	11.16%	213.9MiB / 7.641GiB
almachess-mongo	0.75%	338.8MiB / 7.641GiB
=== 15:50:23 ===
almachess-api	0.61%	213.9MiB / 7.641GiB
almachess-mongo	0.74%	338.8MiB / 7.641GiB
=== 15:50:31 ===
almachess-api	4.21%	214MiB / 7.641GiB
almachess-mongo	0.73%	338.8MiB / 7.641GiB
=== 15:50:39 ===
almachess-api	1.38%	214MiB / 7.641GiB
almachess-mongo	81.28%	505.2MiB / 7.641GiB
=== 15:50:47 ===
almachess-api	1.26%	214MiB / 7.641GiB
almachess-mongo	110.60%	513MiB / 7.641GiB
=== 15:50:55 ===
almachess-api	0.71%	214MiB / 7.641GiB
almachess-mongo	0.70%	338.8MiB / 7.641GiB
=== 15:51:04 ===
almachess-api	0.59%	214MiB / 7.641GiB
almachess-mongo	0.78%	338.8MiB / 7.641GiB
=== 15:51:12 ===
almachess-api	0.69%	214.1MiB / 7.641GiB
almachess-mongo	93.91%	506.6MiB / 7.641GiB
=== 15:51:20 ===
almachess-api	2.60%	214.1MiB / 7.641GiB
almachess-mongo	115.96%	516.8MiB / 7.641GiB
=== 15:51:28 ===
almachess-api	1.19%	214.1MiB / 7.641GiB
almachess-mongo	0.86%	338.8MiB / 7.641GiB
=== 15:51:36 ===
almachess-api	5.60%	214MiB / 7.641GiB
almachess-mongo	0.98%	338.8MiB / 7.641GiB
=== 15:51:45 ===
almachess-api	0.86%	214.1MiB / 7.641GiB
almachess-mongo	87.70%	338.8MiB / 7.641GiB
=== 15:51:53 ===
almachess-api	1.95%	214.1MiB / 7.641GiB
almachess-mongo	1.13%	338.8MiB / 7.641GiB
=== 15:52:01 ===
almachess-api	0.90%	214.3MiB / 7.641GiB
almachess-mongo	0.87%	338.8MiB / 7.641GiB
=== 15:52:09 ===
almachess-api	1.01%	214.3MiB / 7.641GiB
almachess-mongo	4.46%	338.8MiB / 7.641GiB
=== 15:52:17 ===
almachess-api	0.80%	214.3MiB / 7.641GiB
almachess-mongo	115.52%	506.9MiB / 7.641GiB
=== 15:52:25 ===
almachess-api	0.78%	214.4MiB / 7.641GiB
almachess-mongo	1.35%	338.8MiB / 7.641GiB
=== 15:52:34 ===
almachess-api	11.85%	214.4MiB / 7.641GiB
almachess-mongo	0.76%	338.8MiB / 7.641GiB
=== 15:52:41 ===
almachess-api	0.82%	214.4MiB / 7.641GiB
almachess-mongo	1.00%	338.8MiB / 7.641GiB
=== 15:52:49 ===
almachess-api	19.22%	214.6MiB / 7.641GiB
almachess-mongo	3.44%	338.9MiB / 7.641GiB
=== 15:52:56 ===
almachess-api	0.59%	214.5MiB / 7.641GiB
almachess-mongo	84.05%	504.3MiB / 7.641GiB
=== 15:53:05 ===
almachess-api	0.71%	214.5MiB / 7.641GiB
almachess-mongo	64.48%	338.8MiB / 7.641GiB
=== 15:53:13 ===
almachess-api	0.02%	18.11MiB / 7.641GiB
almachess-mongo	0.76%	338.7MiB / 7.641GiB
=== 15:53:21 ===
almachess-api	1.68%	174.3MiB / 7.641GiB
almachess-mongo	1.31%	338.8MiB / 7.641GiB
=== 15:53:29 ===
almachess-api	10.07%	182.5MiB / 7.641GiB
almachess-mongo	0.87%	338.8MiB / 7.641GiB
=== 15:53:37 ===
almachess-api	1.71%	182.7MiB / 7.641GiB
almachess-mongo	102.73%	338.9MiB / 7.641GiB
=== 15:53:45 ===
almachess-api	10.82%	183.2MiB / 7.641GiB
almachess-mongo	0.90%	338.8MiB / 7.641GiB
=== 15:53:53 ===
almachess-api	1.65%	183.2MiB / 7.641GiB
almachess-mongo	1.22%	338.8MiB / 7.641GiB
=== 15:54:01 ===
almachess-api	1.07%	183.5MiB / 7.641GiB
almachess-mongo	0.67%	338.8MiB / 7.641GiB
=== 15:54:09 ===
almachess-api	0.76%	183.6MiB / 7.641GiB
almachess-mongo	4.92%	354.8MiB / 7.641GiB
=== 15:54:16 ===
almachess-api	1.18%	183.7MiB / 7.641GiB
almachess-mongo	109.21%	510MiB / 7.641GiB
=== 15:54:24 ===
almachess-api	0.98%	183.8MiB / 7.641GiB
almachess-mongo	79.36%	338.8MiB / 7.641GiB
=== 15:54:31 ===
almachess-api	15.19%	184MiB / 7.641GiB
almachess-mongo	1.01%	338.8MiB / 7.641GiB
=== 15:54:39 ===
almachess-api	1.06%	184.1MiB / 7.641GiB
almachess-mongo	2.41%	338.9MiB / 7.641GiB
=== 15:54:46 ===
almachess-api	10.85%	184.2MiB / 7.641GiB
almachess-mongo	0.85%	338.8MiB / 7.641GiB
=== 15:54:54 ===
almachess-api	2.95%	184.4MiB / 7.641GiB
almachess-mongo	1.61%	338.9MiB / 7.641GiB
=== 15:55:02 ===
almachess-api	1.68%	184.5MiB / 7.641GiB
almachess-mongo	1.01%	340.7MiB / 7.641GiB
=== 15:55:11 ===
almachess-api	1.52%	184.5MiB / 7.641GiB
almachess-mongo	0.77%	340.7MiB / 7.641GiB
=== 15:55:19 ===
almachess-api	1.74%	184.5MiB / 7.641GiB
almachess-mongo	3.30%	340.8MiB / 7.641GiB
=== 15:55:28 ===
almachess-api	12.81%	184.6MiB / 7.641GiB
almachess-mongo	86.98%	504.9MiB / 7.641GiB
=== 15:55:36 ===
almachess-api	1.57%	184.7MiB / 7.641GiB
almachess-mongo	110.01%	518.3MiB / 7.641GiB
=== 15:55:44 ===
almachess-api	1.51%	184.7MiB / 7.641GiB
almachess-mongo	1.29%	340.7MiB / 7.641GiB
=== 15:55:52 ===
almachess-api	1.65%	184.8MiB / 7.641GiB
almachess-mongo	0.95%	340.7MiB / 7.641GiB
=== 15:56:00 ===
almachess-api	1.16%	184.9MiB / 7.641GiB
almachess-mongo	79.98%	501.7MiB / 7.641GiB
=== 15:56:09 ===
almachess-api	9.93%	185MiB / 7.641GiB
almachess-mongo	1.26%	340.7MiB / 7.641GiB
=== 15:56:17 ===
almachess-api	1.59%	185MiB / 7.641GiB
almachess-mongo	1.25%	340.7MiB / 7.641GiB
=== 15:56:26 ===
almachess-api	1.01%	185.1MiB / 7.641GiB
almachess-mongo	1.65%	340.7MiB / 7.641GiB
=== 15:56:34 ===
almachess-api	5.29%	186.9MiB / 7.641GiB
almachess-mongo	22.74%	340.7MiB / 7.641GiB
=== 15:56:43 ===
almachess-api	1.70%	185.2MiB / 7.641GiB
almachess-mongo	0.85%	340.8MiB / 7.641GiB
=== 15:56:51 ===
almachess-api	1.75%	185.3MiB / 7.641GiB
almachess-mongo	3.84%	340.8MiB / 7.641GiB
=== 15:56:59 ===
almachess-api	6.71%	185.4MiB / 7.641GiB
almachess-mongo	32.97%	454MiB / 7.641GiB
=== 15:57:08 ===
almachess-api	1.05%	185.5MiB / 7.641GiB
almachess-mongo	1.39%	340.7MiB / 7.641GiB
=== 15:57:16 ===
almachess-api	7.75%	185.5MiB / 7.641GiB
almachess-mongo	1.34%	340.7MiB / 7.641GiB
=== 15:57:25 ===
almachess-api	0.89%	185.5MiB / 7.641GiB
almachess-mongo	35.23%	489.9MiB / 7.641GiB
=== 15:57:33 ===
almachess-api	1.48%	185.6MiB / 7.641GiB
almachess-mongo	10.79%	340.7MiB / 7.641GiB
=== 15:57:41 ===
almachess-api	8.31%	185.7MiB / 7.641GiB
almachess-mongo	1.12%	340.7MiB / 7.641GiB
=== 15:57:49 ===
almachess-api	1.67%	185.7MiB / 7.641GiB
almachess-mongo	2.29%	340.7MiB / 7.641GiB
=== 15:57:58 ===
almachess-api	0.85%	185.8MiB / 7.641GiB
almachess-mongo	96.23%	505.8MiB / 7.641GiB
=== 15:58:07 ===
almachess-api	1.33%	186MiB / 7.641GiB
almachess-mongo	1.32%	340.7MiB / 7.641GiB
=== 15:58:15 ===
almachess-api	8.32%	186.7MiB / 7.641GiB
almachess-mongo	1.15%	340.8MiB / 7.641GiB
=== 15:58:23 ===
almachess-api	1.47%	186.8MiB / 7.641GiB
almachess-mongo	34.13%	444.2MiB / 7.641GiB
=== 15:58:31 ===
almachess-api	0.79%	186.9MiB / 7.641GiB
almachess-mongo	88.01%	340.7MiB / 7.641GiB
=== 15:58:39 ===
almachess-api	10.24%	187MiB / 7.641GiB
almachess-mongo	0.59%	340.7MiB / 7.641GiB
=== 15:58:47 ===
almachess-api	14.53%	187.1MiB / 7.641GiB
almachess-mongo	1.46%	340.7MiB / 7.641GiB
=== 15:58:56 ===
almachess-api	0.52%	187.1MiB / 7.641GiB
almachess-mongo	16.88%	421.2MiB / 7.641GiB
=== 15:59:05 ===
almachess-api	11.26%	187.1MiB / 7.641GiB
almachess-mongo	51.69%	340.7MiB / 7.641GiB
=== 15:59:12 ===
almachess-api	1.00%	187.1MiB / 7.641GiB
almachess-mongo	0.73%	340.8MiB / 7.641GiB
=== 15:59:20 ===
almachess-api	7.32%	187.2MiB / 7.641GiB
almachess-mongo	1.21%	340.7MiB / 7.641GiB
=== 15:59:29 ===
almachess-api	1.36%	187.2MiB / 7.641GiB
almachess-mongo	7.57%	370.7MiB / 7.641GiB
=== 15:59:36 ===
almachess-api	0.95%	187.2MiB / 7.641GiB
almachess-mongo	66.68%	340.8MiB / 7.641GiB
=== 15:59:45 ===
almachess-api	11.30%	187.3MiB / 7.641GiB
almachess-mongo	5.79%	340.7MiB / 7.641GiB
=== 15:59:53 ===
almachess-api	0.99%	187.3MiB / 7.641GiB
almachess-mongo	2.59%	340.7MiB / 7.641GiB
=== 16:00:00 ===
almachess-api	8.93%	187.4MiB / 7.641GiB
almachess-mongo	0.82%	340.7MiB / 7.641GiB
=== 16:00:09 ===
almachess-api	1.00%	187.4MiB / 7.641GiB
almachess-mongo	110.65%	515.8MiB / 7.641GiB
=== 16:00:17 ===
almachess-api	0.89%	187.5MiB / 7.641GiB
almachess-mongo	66.23%	340.7MiB / 7.641GiB
=== 16:00:26 ===
almachess-api	3.86%	187.7MiB / 7.641GiB
almachess-mongo	1.54%	340.7MiB / 7.641GiB
=== 16:00:34 ===
almachess-api	1.35%	187.6MiB / 7.641GiB
almachess-mongo	28.79%	437.4MiB / 7.641GiB
=== 16:00:43 ===
almachess-api	8.88%	187.8MiB / 7.641GiB
almachess-mongo	79.37%	340.7MiB / 7.641GiB
=== 16:00:50 ===
almachess-api	1.16%	187.8MiB / 7.641GiB
almachess-mongo	1.33%	340.7MiB / 7.641GiB
=== 16:00:59 ===
almachess-api	1.50%	187.9MiB / 7.641GiB
almachess-mongo	1.17%	340.7MiB / 7.641GiB
=== 16:01:07 ===
almachess-api	1.27%	187.9MiB / 7.641GiB
almachess-mongo	33.43%	468.7MiB / 7.641GiB
=== 16:01:15 ===
almachess-api	0.87%	188MiB / 7.641GiB
almachess-mongo	8.01%	340.7MiB / 7.641GiB
=== 16:01:23 ===
almachess-api	9.31%	188.1MiB / 7.641GiB
almachess-mongo	1.46%	340.7MiB / 7.641GiB
=== 16:01:31 ===
almachess-api	1.21%	188.1MiB / 7.641GiB
almachess-mongo	1.09%	340.8MiB / 7.641GiB
=== 16:01:39 ===
almachess-api	13.34%	188.2MiB / 7.641GiB
almachess-mongo	116.88%	510.8MiB / 7.641GiB
=== 16:01:48 ===
almachess-api	1.24%	188.2MiB / 7.641GiB
almachess-mongo	40.90%	340.7MiB / 7.641GiB
=== 16:01:56 ===
almachess-api	1.32%	188.3MiB / 7.641GiB
almachess-mongo	1.41%	340.8MiB / 7.641GiB
=== 16:02:04 ===
almachess-api	1.22%	188.3MiB / 7.641GiB
almachess-mongo	72.31%	503.3MiB / 7.641GiB
=== 16:02:13 ===
almachess-api	1.65%	188.3MiB / 7.641GiB
almachess-mongo	83.95%	340.7MiB / 7.641GiB
=== 16:02:20 ===
almachess-api	0.76%	188.4MiB / 7.641GiB
almachess-mongo	6.31%	340.7MiB / 7.641GiB
=== 16:02:29 ===
almachess-api	1.23%	188.4MiB / 7.641GiB
almachess-mongo	3.74%	340.7MiB / 7.641GiB
=== 16:02:37 ===
almachess-api	0.57%	188.4MiB / 7.641GiB
almachess-mongo	1.26%	340.7MiB / 7.641GiB
=== 16:02:45 ===
almachess-api	7.47%	188.5MiB / 7.641GiB
almachess-mongo	111.64%	511.9MiB / 7.641GiB
=== 16:02:54 ===
almachess-api	0.81%	188.5MiB / 7.641GiB
almachess-mongo	0.76%	340.7MiB / 7.641GiB
=== 16:03:01 ===
almachess-api	7.69%	189.8MiB / 7.641GiB
almachess-mongo	2.43%	340.7MiB / 7.641GiB
=== 16:03:09 ===
almachess-api	1.42%	189.9MiB / 7.641GiB
almachess-mongo	2.88%	340.7MiB / 7.641GiB
=== 16:03:18 ===
almachess-api	0.64%	191.9MiB / 7.641GiB
almachess-mongo	28.70%	340.7MiB / 7.641GiB
=== 16:03:26 ===
almachess-api	8.01%	192MiB / 7.641GiB
almachess-mongo	1.26%	340.7MiB / 7.641GiB
=== 16:03:35 ===
almachess-api	2.22%	192MiB / 7.641GiB
almachess-mongo	1.41%	340.8MiB / 7.641GiB
=== 16:03:44 ===
almachess-api	0.82%	192.1MiB / 7.641GiB
almachess-mongo	113.99%	517.9MiB / 7.641GiB
=== 16:03:52 ===
almachess-api	1.41%	200.1MiB / 7.641GiB
almachess-mongo	11.50%	340.7MiB / 7.641GiB
=== 16:04:00 ===
almachess-api	1.56%	200.2MiB / 7.641GiB
almachess-mongo	1.51%	340.7MiB / 7.641GiB
=== 16:04:08 ===
almachess-api	6.00%	205.2MiB / 7.641GiB
almachess-mongo	3.03%	340.7MiB / 7.641GiB
=== 16:04:17 ===
almachess-api	0.73%	205MiB / 7.641GiB
almachess-mongo	66.46%	340.7MiB / 7.641GiB
=== 16:04:25 ===
almachess-api	3.85%	205.2MiB / 7.641GiB
almachess-mongo	1.16%	340.7MiB / 7.641GiB
=== 16:04:33 ===
almachess-api	5.07%	206.5MiB / 7.641GiB
almachess-mongo	1.00%	340.7MiB / 7.641GiB
=== 16:04:42 ===
almachess-api	1.18%	206.5MiB / 7.641GiB
almachess-mongo	29.87%	465.6MiB / 7.641GiB
=== 16:04:49 ===
almachess-api	6.18%	208.2MiB / 7.641GiB
almachess-mongo	41.28%	340.7MiB / 7.641GiB
=== 16:04:58 ===
almachess-api	1.24%	206.5MiB / 7.641GiB
almachess-mongo	1.38%	340.7MiB / 7.641GiB
=== 16:05:06 ===
almachess-api	1.42%	206.6MiB / 7.641GiB
almachess-mongo	1.14%	340.7MiB / 7.641GiB
=== 16:05:14 ===
almachess-api	1.25%	206.6MiB / 7.641GiB
almachess-mongo	1.26%	340.7MiB / 7.641GiB
=== 16:05:22 ===
almachess-api	0.59%	206.6MiB / 7.641GiB
almachess-mongo	77.92%	503.8MiB / 7.641GiB
=== 16:05:29 ===
almachess-api	1.31%	206.7MiB / 7.641GiB
almachess-mongo	80.39%	340.7MiB / 7.641GiB
=== 16:05:38 ===
almachess-api	1.29%	206.7MiB / 7.641GiB
almachess-mongo	1.03%	340.7MiB / 7.641GiB
=== 16:05:46 ===
almachess-api	0.92%	206.9MiB / 7.641GiB
almachess-mongo	1.64%	340.7MiB / 7.641GiB
=== 16:05:55 ===
almachess-api	2.09%	207.1MiB / 7.641GiB
almachess-mongo	116.97%	513MiB / 7.641GiB
=== 16:06:03 ===
almachess-api	1.10%	206.9MiB / 7.641GiB
almachess-mongo	0.85%	340.7MiB / 7.641GiB
=== 16:06:11 ===
almachess-api	0.93%	207MiB / 7.641GiB
almachess-mongo	1.22%	340.7MiB / 7.641GiB
=== 16:06:20 ===
almachess-api	1.03%	207MiB / 7.641GiB
almachess-mongo	57.37%	503.1MiB / 7.641GiB
=== 16:06:27 ===
almachess-api	6.42%	207.1MiB / 7.641GiB
almachess-mongo	57.72%	340.7MiB / 7.641GiB
=== 16:06:36 ===
almachess-api	3.78%	207.1MiB / 7.641GiB
almachess-mongo	1.47%	340.7MiB / 7.641GiB
=== 16:06:43 ===
almachess-api	1.48%	207MiB / 7.641GiB
almachess-mongo	1.17%	340.7MiB / 7.641GiB
=== 16:06:52 ===
almachess-api	1.28%	207MiB / 7.641GiB
almachess-mongo	23.77%	406.7MiB / 7.641GiB
=== 16:07:00 ===
almachess-api	1.00%	207.1MiB / 7.641GiB
almachess-mongo	104.20%	511.6MiB / 7.641GiB
=== 16:07:08 ===
